// Jest Snapshot v1, https://goo.gl/fbAQLP

exports[`LocationsList correctly renders 1`] = `
<div
  className="cities tabs"
>
  <section
    className="locations container"
  >
    <ul
      className="locations__list tabs__list"
    >
      <li
        className="locations__item"
      >
        <a
          className="locations__item-link tabs__item tabs__item--active"
          onClick={[Function]}
        >
          <span>
            Amsterdam
          </span>
        </a>
      </li>
      <li
        className="locations__item"
      >
        <a
          className="locations__item-link tabs__item"
          onClick={[Function]}
        >
          <span>
            Tbilisi
          </span>
        </a>
      </li>
      <li
        className="locations__item"
      >
        <a
          className="locations__item-link tabs__item"
          onClick={[Function]}
        >
          <span>
            Saint Petersburg
          </span>
        </a>
      </li>
      <li
        className="locations__item"
      >
        <a
          className="locations__item-link tabs__item"
          onClick={[Function]}
        >
          <span>
            Beijing
          </span>
        </a>
      </li>
      <li
        className="locations__item"
      >
        <a
          className="locations__item-link tabs__item"
          onClick={[Function]}
        >
          <span>
            Buenos Aires
          </span>
        </a>
      </li>
      <li
        className="locations__item"
      >
        <a
          className="locations__item-link tabs__item"
          onClick={[Function]}
        >
          <span>
            Summerside
          </span>
        </a>
      </li>
    </ul>
  </section>
</div>
`;
